Archive member included because of file (symbol)

c:/winavr-20100110/bin/../lib/gcc/avr/4.3.3/avr35\libgcc.a(_exit.o)
                              c:/winavr-20100110/bin/../lib/gcc/avr/4.3.3/../../../../avr/lib/avr35/crtusb162.o (exit)
c:/winavr-20100110/bin/../lib/gcc/avr/4.3.3/avr35\libgcc.a(_copy_data.o)
                              catboard.o (__do_copy_data)
c:/winavr-20100110/bin/../lib/gcc/avr/4.3.3/avr35\libgcc.a(_clear_bss.o)
                              catboard.o (__do_clear_bss)

Allocating common symbols
Common symbol       size              file

pressed             0x3c              catboard.o

Discarded input sections

 .data          0x00000000        0x0 c:/winavr-20100110/bin/../lib/gcc/avr/4.3.3/../../../../avr/lib/avr35/crtusb162.o
 .bss           0x00000000        0x0 c:/winavr-20100110/bin/../lib/gcc/avr/4.3.3/../../../../avr/lib/avr35/crtusb162.o
 .text          0x00000000        0x0 catboard.o
 .text          0x00000000        0x0 usb_keyboard.o
 .text          0x00000000        0x0 c:/winavr-20100110/bin/../lib/gcc/avr/4.3.3/avr35\libgcc.a(_exit.o)
 .data          0x00000000        0x0 c:/winavr-20100110/bin/../lib/gcc/avr/4.3.3/avr35\libgcc.a(_exit.o)
 .bss           0x00000000        0x0 c:/winavr-20100110/bin/../lib/gcc/avr/4.3.3/avr35\libgcc.a(_exit.o)
 .text.libgcc   0x00000000        0x0 c:/winavr-20100110/bin/../lib/gcc/avr/4.3.3/avr35\libgcc.a(_exit.o)
 .text          0x00000000        0x0 c:/winavr-20100110/bin/../lib/gcc/avr/4.3.3/avr35\libgcc.a(_copy_data.o)
 .data          0x00000000        0x0 c:/winavr-20100110/bin/../lib/gcc/avr/4.3.3/avr35\libgcc.a(_copy_data.o)
 .bss           0x00000000        0x0 c:/winavr-20100110/bin/../lib/gcc/avr/4.3.3/avr35\libgcc.a(_copy_data.o)
 .text.libgcc   0x00000000        0x0 c:/winavr-20100110/bin/../lib/gcc/avr/4.3.3/avr35\libgcc.a(_copy_data.o)
 .text          0x00000000        0x0 c:/winavr-20100110/bin/../lib/gcc/avr/4.3.3/avr35\libgcc.a(_clear_bss.o)
 .data          0x00000000        0x0 c:/winavr-20100110/bin/../lib/gcc/avr/4.3.3/avr35\libgcc.a(_clear_bss.o)
 .bss           0x00000000        0x0 c:/winavr-20100110/bin/../lib/gcc/avr/4.3.3/avr35\libgcc.a(_clear_bss.o)
 .text.libgcc   0x00000000        0x0 c:/winavr-20100110/bin/../lib/gcc/avr/4.3.3/avr35\libgcc.a(_clear_bss.o)

Memory Configuration

Name             Origin             Length             Attributes
text             0x00000000         0x00020000         xr
data             0x00800060         0x0000ffa0         rw !x
eeprom           0x00810000         0x00010000         rw !x
fuse             0x00820000         0x00000400         rw !x
lock             0x00830000         0x00000400         rw !x
signature        0x00840000         0x00000400         rw !x
*default*        0x00000000         0xffffffff

Linker script and memory map

Address of section .data set to 0x800100
LOAD c:/winavr-20100110/bin/../lib/gcc/avr/4.3.3/../../../../avr/lib/avr35/crtusb162.o
LOAD catboard.o
LOAD usb_keyboard.o
LOAD c:/winavr-20100110/bin/../lib/gcc/avr/4.3.3/../../../../avr/lib/avr35\libm.a
LOAD c:/winavr-20100110/bin/../lib/gcc/avr/4.3.3/avr35\libgcc.a
LOAD c:/winavr-20100110/bin/../lib/gcc/avr/4.3.3/../../../../avr/lib/avr35\libc.a
LOAD c:/winavr-20100110/bin/../lib/gcc/avr/4.3.3/avr35\libgcc.a

.hash
 *(.hash)

.dynsym
 *(.dynsym)

.dynstr
 *(.dynstr)

.gnu.version
 *(.gnu.version)

.gnu.version_d
 *(.gnu.version_d)

.gnu.version_r
 *(.gnu.version_r)

.rel.init
 *(.rel.init)

.rela.init
 *(.rela.init)

.rel.text
 *(.rel.text)
 *(.rel.text.*)
 *(.rel.gnu.linkonce.t*)

.rela.text
 *(.rela.text)
 *(.rela.text.*)
 *(.rela.gnu.linkonce.t*)

.rel.fini
 *(.rel.fini)

.rela.fini
 *(.rela.fini)

.rel.rodata
 *(.rel.rodata)
 *(.rel.rodata.*)
 *(.rel.gnu.linkonce.r*)

.rela.rodata
 *(.rela.rodata)
 *(.rela.rodata.*)
 *(.rela.gnu.linkonce.r*)

.rel.data
 *(.rel.data)
 *(.rel.data.*)
 *(.rel.gnu.linkonce.d*)

.rela.data
 *(.rela.data)
 *(.rela.data.*)
 *(.rela.gnu.linkonce.d*)

.rel.ctors
 *(.rel.ctors)

.rela.ctors
 *(.rela.ctors)

.rel.dtors
 *(.rel.dtors)

.rela.dtors
 *(.rela.dtors)

.rel.got
 *(.rel.got)

.rela.got
 *(.rela.got)

.rel.bss
 *(.rel.bss)

.rela.bss
 *(.rela.bss)

.rel.plt
 *(.rel.plt)

.rela.plt
 *(.rela.plt)

.text           0x00000000     0x1030
 *(.vectors)
 .vectors       0x00000000       0x74 c:/winavr-20100110/bin/../lib/gcc/avr/4.3.3/../../../../avr/lib/avr35/crtusb162.o
                0x00000000                __vectors
                0x00000000                __vector_default
 *(.vectors)
 *(.progmem.gcc*)
 *(.progmem*)
 .progmem.data  0x00000074       0xd2 usb_keyboard.o
                0x00000146                . = ALIGN (0x2)
                0x00000146                __trampolines_start = .
 *(.trampolines)
 .trampolines   0x00000146        0x0 linker stubs
 *(.trampolines*)
                0x00000146                __trampolines_end = .
 *(.jumptables)
 *(.jumptables*)
 *(.lowtext)
 *(.lowtext*)
                0x00000146                __ctors_start = .
 *(.ctors)
                0x00000146                __ctors_end = .
                0x00000146                __dtors_start = .
 *(.dtors)
                0x00000146                __dtors_end = .
 SORT(*)(.ctors)
 SORT(*)(.dtors)
 *(.init0)
 .init0         0x00000146        0x0 c:/winavr-20100110/bin/../lib/gcc/avr/4.3.3/../../../../avr/lib/avr35/crtusb162.o
                0x00000146                __init
 *(.init0)
 *(.init1)
 *(.init1)
 *(.init2)
 .init2         0x00000146        0xc c:/winavr-20100110/bin/../lib/gcc/avr/4.3.3/../../../../avr/lib/avr35/crtusb162.o
 *(.init2)
 *(.init3)
 *(.init3)
 *(.init4)
 .init4         0x00000152       0x16 c:/winavr-20100110/bin/../lib/gcc/avr/4.3.3/avr35\libgcc.a(_copy_data.o)
                0x00000152                __do_copy_data
 .init4         0x00000168       0x10 c:/winavr-20100110/bin/../lib/gcc/avr/4.3.3/avr35\libgcc.a(_clear_bss.o)
                0x00000168                __do_clear_bss
 *(.init4)
 *(.init5)
 *(.init5)
 *(.init6)
 *(.init6)
 *(.init7)
 *(.init7)
 *(.init8)
 *(.init8)
 *(.init9)
 .init9         0x00000178        0x4 c:/winavr-20100110/bin/../lib/gcc/avr/4.3.3/../../../../avr/lib/avr35/crtusb162.o
 *(.init9)
 *(.text)
 .text          0x0000017c        0x2 c:/winavr-20100110/bin/../lib/gcc/avr/4.3.3/../../../../avr/lib/avr35/crtusb162.o
                0x0000017c                __vector_22
                0x0000017c                __vector_28
                0x0000017c                __vector_1
                0x0000017c                __vector_24
                0x0000017c                __bad_interrupt
                0x0000017c                __vector_6
                0x0000017c                __vector_3
                0x0000017c                __vector_23
                0x0000017c                __vector_25
                0x0000017c                __vector_13
                0x0000017c                __vector_17
                0x0000017c                __vector_19
                0x0000017c                __vector_7
                0x0000017c                __vector_27
                0x0000017c                __vector_5
                0x0000017c                __vector_4
                0x0000017c                __vector_9
                0x0000017c                __vector_2
                0x0000017c                __vector_21
                0x0000017c                __vector_15
                0x0000017c                __vector_8
                0x0000017c                __vector_26
                0x0000017c                __vector_14
                0x0000017c                __vector_10
                0x0000017c                __vector_16
                0x0000017c                __vector_18
                0x0000017c                __vector_20
                0x0000017e                . = ALIGN (0x2)
 *(.text.*)
 .text.init_ports
                0x0000017e       0x16 catboard.o
                0x0000017e                init_ports
 .text.caps_lock_change_layer
                0x00000194       0x74 catboard.o
                0x00000194                caps_lock_change_layer
 .text.get_code
                0x00000208       0x48 catboard.o
                0x00000208                get_code
 .text.restore_leds
                0x00000250       0x3c catboard.o
                0x00000250                restore_leds
 .text.wait     0x0000028c       0x10 catboard.o
                0x0000028c                wait
 .text.blink_leds
                0x0000029c       0x1a catboard.o
                0x0000029c                blink_leds
 .text.send     0x000002b6       0x32 catboard.o
                0x000002b6                send
 .text.repeat_tick
                0x000002e8      0x122 catboard.o
                0x000002e8                repeat_tick
 .text.change_layout
                0x0000040a       0x50 catboard.o
                0x0000040a                change_layout
 .text.key_release
                0x0000045a      0x2a8 catboard.o
                0x0000045a                key_release
 .text.key_press
                0x00000702      0x350 catboard.o
                0x00000702                key_press
 .text.poll     0x00000a52       0xe8 catboard.o
                0x00000a52                poll
 .text.init     0x00000b3a       0x4e catboard.o
                0x00000b3a                init
 .text.main     0x00000b88       0x30 catboard.o
                0x00000b88                main
 .text.usb_wait_in_ready
                0x00000bb8        0xa usb_keyboard.o
 .text.usb_init
                0x00000bc2       0x28 usb_keyboard.o
                0x00000bc2                usb_init
 .text.usb_configured
                0x00000bea        0x6 usb_keyboard.o
                0x00000bea                usb_configured
 .text.usb_keyboard_send
                0x00000bf0       0x74 usb_keyboard.o
                0x00000bf0                usb_keyboard_send
 .text.usb_keyboard_press
                0x00000c64       0x1a usb_keyboard.o
                0x00000c64                usb_keyboard_press
 .text.__vector_11
                0x00000c7e       0xbe usb_keyboard.o
                0x00000c7e                __vector_11
 .text.__vector_12
                0x00000d3c      0x2f0 usb_keyboard.o
                0x00000d3c                __vector_12
                0x0000102c                . = ALIGN (0x2)
 *(.fini9)
 .fini9         0x0000102c        0x0 c:/winavr-20100110/bin/../lib/gcc/avr/4.3.3/avr35\libgcc.a(_exit.o)
                0x0000102c                exit
                0x0000102c                _exit
 *(.fini9)
 *(.fini8)
 *(.fini8)
 *(.fini7)
 *(.fini7)
 *(.fini6)
 *(.fini6)
 *(.fini5)
 *(.fini5)
 *(.fini4)
 *(.fini4)
 *(.fini3)
 *(.fini3)
 *(.fini2)
 *(.fini2)
 *(.fini1)
 *(.fini1)
 *(.fini0)
 .fini0         0x0000102c        0x4 c:/winavr-20100110/bin/../lib/gcc/avr/4.3.3/avr35\libgcc.a(_exit.o)
 *(.fini0)
                0x00001030                _etext = .

.data           0x00800100      0x132 load address 0x00001030
                0x00800100                PROVIDE (__data_start, .)
 *(.data)
 .data          0x00800100      0x12f catboard.o
                0x0080016f                layer1
                0x00800223                os_mode
                0x00800226                queue
                0x0080022d                led
                0x008001e7                layer_fnlock
                0x0080022e                last_key
                0x00800163                col_bit
                0x008001ab                layer_fn
                0x0080014b                col_pin
                0x00800100                layer2
                0x0080013c                row_port
                0x00800224                layout
                0x00800146                row_bit
 .data          0x0080022f        0x2 usb_keyboard.o
 *(.data*)
 *(.rodata)
 *(.rodata*)
 *(.gnu.linkonce.d*)
                0x00800232                . = ALIGN (0x2)
 *fill*         0x00800231        0x1 00
                0x00800232                _edata = .
                0x00800232                PROVIDE (__data_end, .)

.bss            0x00800232       0x56
                0x00800232                PROVIDE (__bss_start, .)
 *(.bss)
 .bss           0x00800232        0xf catboard.o
                0x00800239                press_time
                0x00800233                disable_key_my_shift
                0x0080023f                repeat_time
                0x00800238                locked
                0x0080023b                press_time2
                0x00800235                prev_layer
                0x0080023d                release_time
                0x00800234                mod_keys
                0x00800237                turbo_repeat
                0x00800232                caps_lock_led
 .bss           0x00800241        0xb usb_keyboard.o
                0x00800248                keyboard_leds
                0x00800242                keyboard_keys
                0x00800241                keyboard_modifier_keys
 *(.bss*)
 *(COMMON)
 COMMON         0x0080024c       0x3c catboard.o
                0x0080024c                pressed
                0x00800288                PROVIDE (__bss_end, .)
                0x00001030                __data_load_start = LOADADDR (.data)
                0x00001162                __data_load_end = (__data_load_start + SIZEOF (.data))

.noinit         0x00800288        0x0
                0x00800288                PROVIDE (__noinit_start, .)
 *(.noinit*)
                0x00800288                PROVIDE (__noinit_end, .)
                0x00800288                _end = .
                0x00800288                PROVIDE (__heap_start, .)

.eeprom         0x00810000        0x0
 *(.eeprom*)
                0x00810000                __eeprom_end = .

.fuse
 *(.fuse)
 *(.lfuse)
 *(.hfuse)
 *(.efuse)

.lock
 *(.lock*)

.signature
 *(.signature*)

.stab
 *(.stab)

.stabstr
 *(.stabstr)

.stab.excl
 *(.stab.excl)

.stab.exclstr
 *(.stab.exclstr)

.stab.index
 *(.stab.index)

.stab.indexstr
 *(.stab.indexstr)

.comment
 *(.comment)

.debug
 *(.debug)

.line
 *(.line)

.debug_srcinfo
 *(.debug_srcinfo)

.debug_sfnames
 *(.debug_sfnames)

.debug_aranges  0x00000000       0xd8
 *(.debug_aranges)
 .debug_aranges
                0x00000000       0x88 catboard.o
 .debug_aranges
                0x00000088       0x50 usb_keyboard.o

.debug_pubnames
                0x00000000      0x2de
 *(.debug_pubnames)
 .debug_pubnames
                0x00000000      0x220 catboard.o
 .debug_pubnames
                0x00000220       0xbe usb_keyboard.o

.debug_info     0x00000000      0xef0
 *(.debug_info)
 .debug_info    0x00000000      0x7ec catboard.o
 .debug_info    0x000007ec      0x704 usb_keyboard.o
 *(.gnu.linkonce.wi.*)

.debug_abbrev   0x00000000      0x44b
 *(.debug_abbrev)
 .debug_abbrev  0x00000000      0x276 catboard.o
 .debug_abbrev  0x00000276      0x1d5 usb_keyboard.o

.debug_line     0x00000000     0x138b
 *(.debug_line)
 .debug_line    0x00000000      0xc7f catboard.o
 .debug_line    0x00000c7f      0x70c usb_keyboard.o

.debug_frame    0x00000000      0x170
 *(.debug_frame)
 .debug_frame   0x00000000       0xf0 catboard.o
 .debug_frame   0x000000f0       0x80 usb_keyboard.o

.debug_str      0x00000000      0x583
 *(.debug_str)
 .debug_str     0x00000000      0x303 catboard.o
                                0x35e (size before relaxing)
 .debug_str     0x00000303      0x280 usb_keyboard.o
                                0x353 (size before relaxing)

.debug_loc      0x00000000      0xbee
 *(.debug_loc)
 .debug_loc     0x00000000      0x43f catboard.o
 .debug_loc     0x0000043f      0x7af usb_keyboard.o

.debug_macinfo
 *(.debug_macinfo)
OUTPUT(catboard.elf elf32-avr)
LOAD linker stubs

.debug_ranges   0x00000000      0x120
 .debug_ranges  0x00000000       0xc8 catboard.o
 .debug_ranges  0x000000c8       0x58 usb_keyboard.o

.debug_pubtypes
                0x00000000       0x7e
 .debug_pubtypes
                0x00000000       0x7e usb_keyboard.o

Cross Reference Table

Symbol                                            File
__bad_interrupt                                   c:/winavr-20100110/bin/../lib/gcc/avr/4.3.3/../../../../avr/lib/avr35/crtusb162.o
__bss_end                                         c:/winavr-20100110/bin/../lib/gcc/avr/4.3.3/avr35\libgcc.a(_clear_bss.o)
__bss_start                                       c:/winavr-20100110/bin/../lib/gcc/avr/4.3.3/avr35\libgcc.a(_clear_bss.o)
__data_end                                        c:/winavr-20100110/bin/../lib/gcc/avr/4.3.3/avr35\libgcc.a(_copy_data.o)
__data_load_start                                 c:/winavr-20100110/bin/../lib/gcc/avr/4.3.3/avr35\libgcc.a(_copy_data.o)
__data_start                                      c:/winavr-20100110/bin/../lib/gcc/avr/4.3.3/avr35\libgcc.a(_copy_data.o)
__do_clear_bss                                    c:/winavr-20100110/bin/../lib/gcc/avr/4.3.3/avr35\libgcc.a(_clear_bss.o)
                                                  usb_keyboard.o
                                                  catboard.o
__do_copy_data                                    c:/winavr-20100110/bin/../lib/gcc/avr/4.3.3/avr35\libgcc.a(_copy_data.o)
                                                  usb_keyboard.o
                                                  catboard.o
__heap_end                                        c:/winavr-20100110/bin/../lib/gcc/avr/4.3.3/../../../../avr/lib/avr35/crtusb162.o
__init                                            c:/winavr-20100110/bin/../lib/gcc/avr/4.3.3/../../../../avr/lib/avr35/crtusb162.o
__stack                                           c:/winavr-20100110/bin/../lib/gcc/avr/4.3.3/../../../../avr/lib/avr35/crtusb162.o
__vector_1                                        c:/winavr-20100110/bin/../lib/gcc/avr/4.3.3/../../../../avr/lib/avr35/crtusb162.o
__vector_10                                       c:/winavr-20100110/bin/../lib/gcc/avr/4.3.3/../../../../avr/lib/avr35/crtusb162.o
__vector_11                                       usb_keyboard.o
                                                  c:/winavr-20100110/bin/../lib/gcc/avr/4.3.3/../../../../avr/lib/avr35/crtusb162.o
__vector_12                                       usb_keyboard.o
                                                  c:/winavr-20100110/bin/../lib/gcc/avr/4.3.3/../../../../avr/lib/avr35/crtusb162.o
__vector_13                                       c:/winavr-20100110/bin/../lib/gcc/avr/4.3.3/../../../../avr/lib/avr35/crtusb162.o
__vector_14                                       c:/winavr-20100110/bin/../lib/gcc/avr/4.3.3/../../../../avr/lib/avr35/crtusb162.o
__vector_15                                       c:/winavr-20100110/bin/../lib/gcc/avr/4.3.3/../../../../avr/lib/avr35/crtusb162.o
__vector_16                                       c:/winavr-20100110/bin/../lib/gcc/avr/4.3.3/../../../../avr/lib/avr35/crtusb162.o
__vector_17                                       c:/winavr-20100110/bin/../lib/gcc/avr/4.3.3/../../../../avr/lib/avr35/crtusb162.o
__vector_18                                       c:/winavr-20100110/bin/../lib/gcc/avr/4.3.3/../../../../avr/lib/avr35/crtusb162.o
__vector_19                                       c:/winavr-20100110/bin/../lib/gcc/avr/4.3.3/../../../../avr/lib/avr35/crtusb162.o
__vector_2                                        c:/winavr-20100110/bin/../lib/gcc/avr/4.3.3/../../../../avr/lib/avr35/crtusb162.o
__vector_20                                       c:/winavr-20100110/bin/../lib/gcc/avr/4.3.3/../../../../avr/lib/avr35/crtusb162.o
__vector_21                                       c:/winavr-20100110/bin/../lib/gcc/avr/4.3.3/../../../../avr/lib/avr35/crtusb162.o
__vector_22                                       c:/winavr-20100110/bin/../lib/gcc/avr/4.3.3/../../../../avr/lib/avr35/crtusb162.o
__vector_23                                       c:/winavr-20100110/bin/../lib/gcc/avr/4.3.3/../../../../avr/lib/avr35/crtusb162.o
__vector_24                                       c:/winavr-20100110/bin/../lib/gcc/avr/4.3.3/../../../../avr/lib/avr35/crtusb162.o
__vector_25                                       c:/winavr-20100110/bin/../lib/gcc/avr/4.3.3/../../../../avr/lib/avr35/crtusb162.o
__vector_26                                       c:/winavr-20100110/bin/../lib/gcc/avr/4.3.3/../../../../avr/lib/avr35/crtusb162.o
__vector_27                                       c:/winavr-20100110/bin/../lib/gcc/avr/4.3.3/../../../../avr/lib/avr35/crtusb162.o
__vector_28                                       c:/winavr-20100110/bin/../lib/gcc/avr/4.3.3/../../../../avr/lib/avr35/crtusb162.o
__vector_3                                        c:/winavr-20100110/bin/../lib/gcc/avr/4.3.3/../../../../avr/lib/avr35/crtusb162.o
__vector_4                                        c:/winavr-20100110/bin/../lib/gcc/avr/4.3.3/../../../../avr/lib/avr35/crtusb162.o
__vector_5                                        c:/winavr-20100110/bin/../lib/gcc/avr/4.3.3/../../../../avr/lib/avr35/crtusb162.o
__vector_6                                        c:/winavr-20100110/bin/../lib/gcc/avr/4.3.3/../../../../avr/lib/avr35/crtusb162.o
__vector_7                                        c:/winavr-20100110/bin/../lib/gcc/avr/4.3.3/../../../../avr/lib/avr35/crtusb162.o
__vector_8                                        c:/winavr-20100110/bin/../lib/gcc/avr/4.3.3/../../../../avr/lib/avr35/crtusb162.o
__vector_9                                        c:/winavr-20100110/bin/../lib/gcc/avr/4.3.3/../../../../avr/lib/avr35/crtusb162.o
__vector_default                                  c:/winavr-20100110/bin/../lib/gcc/avr/4.3.3/../../../../avr/lib/avr35/crtusb162.o
__vectors                                         c:/winavr-20100110/bin/../lib/gcc/avr/4.3.3/../../../../avr/lib/avr35/crtusb162.o
_exit                                             c:/winavr-20100110/bin/../lib/gcc/avr/4.3.3/avr35\libgcc.a(_exit.o)
blink_leds                                        catboard.o
caps_lock_change_layer                            catboard.o
caps_lock_led                                     catboard.o
change_layout                                     catboard.o
col_bit                                           catboard.o
col_pin                                           catboard.o
disable_key_my_shift                              catboard.o
exit                                              c:/winavr-20100110/bin/../lib/gcc/avr/4.3.3/avr35\libgcc.a(_exit.o)
                                                  c:/winavr-20100110/bin/../lib/gcc/avr/4.3.3/../../../../avr/lib/avr35/crtusb162.o
get_code                                          catboard.o
init                                              catboard.o
init_ports                                        catboard.o
key_press                                         catboard.o
key_release                                       catboard.o
keyboard_keys                                     usb_keyboard.o
                                                  catboard.o
keyboard_leds                                     usb_keyboard.o
                                                  catboard.o
keyboard_modifier_keys                            usb_keyboard.o
                                                  catboard.o
last_key                                          catboard.o
layer1                                            catboard.o
layer2                                            catboard.o
layer_fn                                          catboard.o
layer_fnlock                                      catboard.o
layout                                            catboard.o
led                                               catboard.o
locked                                            catboard.o
main                                              catboard.o
                                                  c:/winavr-20100110/bin/../lib/gcc/avr/4.3.3/../../../../avr/lib/avr35/crtusb162.o
mod_keys                                          catboard.o
os_mode                                           catboard.o
poll                                              catboard.o
press_time                                        catboard.o
press_time2                                       catboard.o
pressed                                           catboard.o
prev_layer                                        catboard.o
queue                                             catboard.o
release_time                                      catboard.o
repeat_tick                                       catboard.o
repeat_time                                       catboard.o
restore_leds                                      catboard.o
row_bit                                           catboard.o
row_port                                          catboard.o
send                                              catboard.o
turbo_repeat                                      catboard.o
usb_configured                                    usb_keyboard.o
                                                  catboard.o
usb_init                                          usb_keyboard.o
                                                  catboard.o
usb_keyboard_press                                usb_keyboard.o
                                                  catboard.o
usb_keyboard_send                                 usb_keyboard.o
                                                  catboard.o
wait                                              catboard.o
